   Compiling explorer-rs v0.1.4 (D:\a\explorer-rs\explorer-rs)
warning: explorer-rs@0.1.4: embedded icon D:\a\explorer-rs\explorer-rs\target\debug\build\explorer-rs-ca19b7e40d34a545\out\generated_icon.ico
warning: variable does not need to be mutable
   --> src\shell.rs:209:13
    |
209 |         let mut width = bm.bmWidth;
    |             ----^^^^^
    |             |
    |             help: remove this `mut`
    |
    = note: `#[warn(unused_mut)]` (part of `#[warn(unused)]`) on by default

warning: variants `CopyName` and `FocusFilter` are never constructed
  --> src\commands.rs:29:5
   |
10 | pub enum Command {
   |          ------- variants in this enum
...
29 |     CopyName,
   |     ^^^^^^^^
...
37 |     FocusFilter,
   |     ^^^^^^^^^^^
   |
   = note: `Command` has derived impls for the traits `Clone` and `Debug`, but these are intentionally ignored during dead code analysis
   = note: `#[warn(dead_code)]` (part of `#[warn(unused)]`) on by default

warning: field `ok` is never read
  --> src\commands.rs:44:17
   |
44 |     PasteDone { ok: usize, err: usize, message: String },
   |     ---------   ^^
   |     |
   |     field in this variant
   |
   = note: `BgEvent` has a derived impl for the trait `Debug`, but this is intentionally ignored during dead code analysis

warning: associated function `resolved_path` is never used
   --> src\config.rs:192:12
    |
 88 | impl AppConfig {
    | -------------- associated function in this implementation
...
192 |     pub fn resolved_path() -> Option<PathBuf> {
    |            ^^^^^^^^^^^^^

warning: function `normalize_path_input` is never used
  --> src\fs_ops.rs:88:8
   |
88 | pub fn normalize_path_input(input: &str) -> PathBuf {
   |        ^^^^^^^^^^^^^^^^^^^^

warning: function `selected_total_size` is never used
   --> src\fs_ops.rs:180:8
    |
180 | pub fn selected_total_size<'a, I>(entries: I) -> u64
    |        ^^^^^^^^^^^^^^^^^^^

warning: function `is_dir_via_attr` is never used
   --> src\shell.rs:110:12
    |
110 |     pub fn is_dir_via_attr(path: &Path) -> bool {
    |            ^^^^^^^^^^^^^^^

warning: function `show_os_context_menu` is never used
   --> src\shell.rs:129:12
    |
129 |     pub fn show_os_context_menu(_paths: &[PathBuf]) -> anyhow::Result<()> {
    |            ^^^^^^^^^^^^^^^^^^^^

warning: method `navigate_to_async` is never used
   --> src\tab.rs:225:12
    |
 84 | impl Tab {
    | -------- method in this implementation
...
225 |     pub fn navigate_to_async(&mut self, path: PathBuf) -> bool {
    |            ^^^^^^^^^^^^^^^^^

warning: enum `ToolbarIcon` is never used
  --> src\toolbar_icons.rs:12:10
   |
12 | pub enum ToolbarIcon {
   |          ^^^^^^^^^^^

warning: methods `bytes`, `uri`, `hover`, and `image` are never used
  --> src\toolbar_icons.rs:21:12
   |
20 | impl ToolbarIcon {
   | ---------------- methods in this implementation
21 |     pub fn bytes(self) -> &'static [u8] {
   |            ^^^^^
...
31 |     pub fn uri(self) -> &'static str {
   |            ^^^
...
41 |     pub fn hover(self) -> &'static str {
   |            ^^^^^
...
52 |     pub fn image(self, size: f32) -> egui::Image<'static> {
   |            ^^^^^

warning: function `icon_button` is never used
  --> src\toolbar_icons.rs:58:8
   |
58 | pub fn icon_button(ui: &mut egui::Ui, icon: ToolbarIcon, enabled: bool, compact: bool) -> bool {
   |        ^^^^^^^^^^^

warning: function `should_route_to_filter` is never used
   --> src\typeahead_input.rs:130:8
    |
130 | pub fn should_route_to_filter(wants_keyboard: bool, typed: &str) -> bool {
    |        ^^^^^^^^^^^^^^^^^^^^^^

warning: `explorer-rs` (bin "explorer-rs") generated 13 warnings (run `cargo fix --bin "explorer-rs" -p explorer-rs` to apply 1 suggestion)
    Finished `test` profile [unoptimized + debuginfo] target(s) in 5.20s
     Running tests\windows_bench.rs (target\debug\deps\windows_bench-501ab3bcba19285f.exe)

running 1 test
bench_list_5k p50_ms=167.06 p90_ms=193.82 samples=[163.4542, 166.7208, 167.05780000000001, 168.3226, 193.8243]
test bench_list_5k ... ok

test result: ok. 1 passed; 0 failed; 0 ignored; 0 measured; 0 filtered out; finished in 3.23s

