   Compiling explorer-rs v0.1.4 (D:\a\explorer-rs\explorer-rs)
warning: explorer-rs@0.1.4: embedded icon D:\a\explorer-rs\explorer-rs\target\debug\build\explorer-rs-ca19b7e40d34a545\out\generated_icon.ico
warning: variable does not need to be mutable
   --> src\shell.rs:209:13
    |
209 |         let mut width = bm.bmWidth;
    |             ----^^^^^
    |             |
    |             help: remove this `mut`
    |
    = note: `#[warn(unused_mut)]` (part of `#[warn(unused)]`) on by default

warning: variants `CopyName` and `FocusFilter` are never constructed
  --> src\commands.rs:29:5
   |
10 | pub enum Command {
   |          ------- variants in this enum
...
29 |     CopyName,
   |     ^^^^^^^^
...
37 |     FocusFilter,
   |     ^^^^^^^^^^^
   |
   = note: `Command` has derived impls for the traits `Clone` and `Debug`, but these are intentionally ignored during dead code analysis
   = note: `#[warn(dead_code)]` (part of `#[warn(unused)]`) on by default

warning: field `ok` is never read
  --> src\commands.rs:44:17
   |
44 |     PasteDone { ok: usize, err: usize, message: String },
   |     ---------   ^^
   |     |
   |     field in this variant
   |
   = note: `BgEvent` has a derived impl for the trait `Debug`, but this is intentionally ignored during dead code analysis

warning: associated function `resolved_path` is never used
   --> src\config.rs:192:12
    |
 88 | impl AppConfig {
    | -------------- associated function in this implementation
...
192 |     pub fn resolved_path() -> Option<PathBuf> {
    |            ^^^^^^^^^^^^^

warning: struct `CacheKey` is never constructed
  --> src\file_icons.rs:21:12
   |
21 | pub struct CacheKey(pub String);
   |            ^^^^^^^^

warning: struct `LruIconCache` is never constructed
  --> src\file_icons.rs:24:12
   |
24 | pub struct LruIconCache {
   |            ^^^^^^^^^^^^

warning: associated items `with_capacity`, `get`, `insert`, `len`, and `cap` are never used
  --> src\file_icons.rs:31:12
   |
30 | impl LruIconCache {
   | ----------------- associated items in this implementation
31 |     pub fn with_capacity(cap: usize) -> Self {
   |            ^^^^^^^^^^^^^
...
39 |     pub fn get(&self, key: &CacheKey) -> Option<&egui::TextureHandle> {
   |            ^^^
...
43 |     pub fn insert(&mut self, key: CacheKey, tex: egui::TextureHandle) {
   |            ^^^^^^
...
58 |     pub fn len(&self) -> usize {
   |            ^^^
...
62 |     pub fn cap(&self) -> usize {
   |            ^^^

warning: function `fallback_svg_bytes` is never used
  --> src\file_icons.rs:68:8
   |
68 | pub fn fallback_svg_bytes(ext: &str, is_dir: bool) -> &'static [u8] {
   |        ^^^^^^^^^^^^^^^^^^

warning: function `cache_key_for` is never used
  --> src\file_icons.rs:94:4
   |
94 | fn cache_key_for(path: &std::path::Path, is_dir: bool) -> CacheKey {
   |    ^^^^^^^^^^^^^

warning: function `load_for_path` is never used
   --> src\file_icons.rs:114:8
    |
114 | pub fn load_for_path(
    |        ^^^^^^^^^^^^^

warning: function `sanitize_for_uri` is never used
   --> src\file_icons.rs:145:4
    |
145 | fn sanitize_for_uri(s: &str) -> String {
    |    ^^^^^^^^^^^^^^^^

warning: function `svg_bytes_to_texture` is never used
   --> src\file_icons.rs:149:4
    |
149 | fn svg_bytes_to_texture(ctx: &egui::Context, key: &str, svg: &[u8], size: u32) -> egui::TextureHandle {
    |    ^^^^^^^^^^^^^^^^^^^^

warning: function `normalize_path_input` is never used
  --> src\fs_ops.rs:88:8
   |
88 | pub fn normalize_path_input(input: &str) -> PathBuf {
   |        ^^^^^^^^^^^^^^^^^^^^

warning: function `selected_total_size` is never used
   --> src\fs_ops.rs:180:8
    |
180 | pub fn selected_total_size<'a, I>(entries: I) -> u64
    |        ^^^^^^^^^^^^^^^^^^^

warning: function `is_dir_via_attr` is never used
   --> src\shell.rs:110:12
    |
110 |     pub fn is_dir_via_attr(path: &Path) -> bool {
    |            ^^^^^^^^^^^^^^^

warning: function `show_os_context_menu` is never used
   --> src\shell.rs:129:12
    |
129 |     pub fn show_os_context_menu(_paths: &[PathBuf]) -> anyhow::Result<()> {
    |            ^^^^^^^^^^^^^^^^^^^^

warning: method `navigate_to_async` is never used
   --> src\tab.rs:225:12
    |
 84 | impl Tab {
    | -------- method in this implementation
...
225 |     pub fn navigate_to_async(&mut self, path: PathBuf) -> bool {
    |            ^^^^^^^^^^^^^^^^^

warning: function `should_route_to_filter` is never used
   --> src\typeahead_input.rs:130:8
    |
130 | pub fn should_route_to_filter(wants_keyboard: bool, typed: &str) -> bool {
    |        ^^^^^^^^^^^^^^^^^^^^^^

warning: `explorer-rs` (bin "explorer-rs") generated 18 warnings (run `cargo fix --bin "explorer-rs" -p explorer-rs` to apply 1 suggestion)
    Finished `test` profile [unoptimized + debuginfo] target(s) in 5.02s
     Running tests\windows_bench.rs (target\debug\deps\windows_bench-501ab3bcba19285f.exe)

running 1 test
bench_list_5k p50_ms=163.93 p90_ms=185.20 samples=[158.649, 159.5316, 163.93089999999998, 174.57059999999998, 185.1985]
test bench_list_5k ... ok

test result: ok. 1 passed; 0 failed; 0 ignored; 0 measured; 0 filtered out; finished in 3.12s

