   Compiling explorer-rs v0.1.4 (D:\a\explorer-rs\explorer-rs)
warning: explorer-rs@0.1.4: embedded icon D:\a\explorer-rs\explorer-rs\target\debug\build\explorer-rs-ca19b7e40d34a545\out\generated_icon.ico
warning: variable does not need to be mutable
   --> src\shell.rs:209:13
    |
209 |         let mut width = bm.bmWidth;
    |             ----^^^^^
    |             |
    |             help: remove this `mut`
    |
    = note: `#[warn(unused_mut)]` (part of `#[warn(unused)]`) on by default

warning: variants `CopyName` and `FocusFilter` are never constructed
  --> src\commands.rs:29:5
   |
10 | pub enum Command {
   |          ------- variants in this enum
...
29 |     CopyName,
   |     ^^^^^^^^
...
37 |     FocusFilter,
   |     ^^^^^^^^^^^
   |
   = note: `Command` has derived impls for the traits `Clone` and `Debug`, but these are intentionally ignored during dead code analysis
   = note: `#[warn(dead_code)]` (part of `#[warn(unused)]`) on by default

warning: field `ok` is never read
  --> src\commands.rs:44:17
   |
44 |     PasteDone { ok: usize, err: usize, message: String },
   |     ---------   ^^
   |     |
   |     field in this variant
   |
   = note: `BgEvent` has a derived impl for the trait `Debug`, but this is intentionally ignored during dead code analysis

warning: function `normalize_path_input` is never used
  --> src\fs_ops.rs:88:8
   |
88 | pub fn normalize_path_input(input: &str) -> PathBuf {
   |        ^^^^^^^^^^^^^^^^^^^^

warning: function `selected_total_size` is never used
   --> src\fs_ops.rs:170:8
    |
170 | pub fn selected_total_size<'a, I>(entries: I) -> u64
    |        ^^^^^^^^^^^^^^^^^^^

warning: function `is_dir_via_attr` is never used
   --> src\shell.rs:110:12
    |
110 |     pub fn is_dir_via_attr(path: &Path) -> bool {
    |            ^^^^^^^^^^^^^^^

warning: function `show_os_context_menu` is never used
   --> src\shell.rs:129:12
    |
129 |     pub fn show_os_context_menu(_paths: &[PathBuf]) -> anyhow::Result<()> {
    |            ^^^^^^^^^^^^^^^^^^^^

warning: method `navigate_to_async` is never used
   --> src\tab.rs:225:12
    |
 84 | impl Tab {
    | -------- method in this implementation
...
225 |     pub fn navigate_to_async(&mut self, path: PathBuf) -> bool {
    |            ^^^^^^^^^^^^^^^^^

warning: `explorer-rs` (bin "explorer-rs") generated 8 warnings (run `cargo fix --bin "explorer-rs" -p explorer-rs` to apply 1 suggestion)
    Finished `test` profile [unoptimized + debuginfo] target(s) in 4.95s
     Running tests\windows_bench.rs (target\debug\deps\windows_bench-1bf5b3b77cd62f1a.exe)

running 1 test
bench_list_5k p50_ms=160.61 p90_ms=186.31 samples=[159.3041, 160.45100000000002, 160.6113, 162.4792, 186.311]
test bench_list_5k ... ok

test result: ok. 1 passed; 0 failed; 0 ignored; 0 measured; 0 filtered out; finished in 3.22s

